node.exe : FAIL infrastructure/repositories/tests/PrismaUserRepository.test.ts
At line:1 char:1
+ & "C:\Program Files\nodejs/node.exe" "C:\Program Files\nodejs/node_mo ...
+ ~~~~~~~~~~~~~~~~~~~~~~~~~~~~~~~~~~~~~~~~~~~~~~~~~~~~~~~~~~~~~~~~~~~~~
    + CategoryInfo          : NotSpecified: (FAIL infrastruc...    ository.test.ts:String) 
[], RemoteException
    + FullyQualifiedErrorId : NativeCommandError
 
  ÔùÅ Test suite failed to run

    PrismaClientInitializationError: `PrismaClient` needs to be constructed with a 
non-empty, valid `PrismaClientOptions`:

    ```
    new PrismaClient({
      ...
    })
    ```

    or

    ```
    constructor() {
      super({ ... });
    }
    ```

    [0m [90m 1 |[39m [36mimport[39m { [33mPrismaClient[39m } [36mfrom[39m 
[32m'@prisma/client'[39m
     [90m 2 |[39m
    [31m[1m>[22m[39m[90m 3 |[39m [36mexport[39m [36mconst[39m prisma [33m=[39m 
[36mnew[39m [33mPrismaClient[39m()
     [90m   |[39m                       [31m[1m^[22m[39m[0m

                
      at new t (node_modules/@prisma/client/src/runtime/getPrismaClient.ts:260:15)
      at Object.<anonymous> (infrastructure/db/prismaClient.ts:3:23)
      at Object.<anonymous> 
(infrastructure/repositories/tests/PrismaUserRepository.test.ts:3:1)

Test Suites: 1 failed, 1 total
Tests:       0 total
Snapshots:   0 total
Time:        1.446 s
Ran all test suites matching infrastructure/repositories/tests/PrismaUserRepository.test.ts.
